
  ___  ____  ____  ____  ____ ®
 /__    /   ____/   /   ____/      18.0
___/   /   /___/   /   /___/       SE—Standard Edition

 Statistics and Data Science       Copyright 1985-2023 StataCorp LLC
                                   StataCorp
                                   4905 Lakeway Drive
                                   College Station, Texas 77845 USA
                                   800-STATA-PC        https://www.stata.com
                                   979-696-4600        stata@stata.com

Stata license: Unlimited-user network, expiring 16 Aug 2026
Serial number: 401909309297
  Licensed to: andrezconz
               Universidad de los Andes

Notes:
      1. Stata is running in batch mode.
      2. Unicode is supported; see help unicode_advice.
      3. Maximum number of variables is set to 5,000 but can be increased;
          see help set_maxvar.

. do interacted_reg.do 

. global DATA "/Users/andrezconz/energy-data/DATA/energy_data_release_2021oct21
> /DATA"

. global OUTPUT "/Users/andrezconz/energy-code-release-2020-GPICA/output"

. global model "TINV_clim"

. 
. use "$DATA/regression/GMFD_$model_regsort.dta", clear
file
    /Users/andrezconz/energy-data/DATA/energy_data_release_2021oct21/DATA/reg
    > ression/GMFD_.dta not found
r(601);

end of do-file
r(601);
