
  ___  ____  ____  ____  ____ ®
 /__    /   ____/   /   ____/      18.0
___/   /   /___/   /   /___/       SE—Standard Edition

 Statistics and Data Science       Copyright 1985-2023 StataCorp LLC
                                   StataCorp
                                   4905 Lakeway Drive
                                   College Station, Texas 77845 USA
                                   800-STATA-PC        https://www.stata.com
                                   979-696-4600        stata@stata.com

Stata license: Unlimited-user network, expiring 16 Aug 2026
Serial number: 401909309297
  Licensed to: andrezconz
               Universidad de los Andes

Notes:
      1. Stata is running in batch mode.
      2. Unicode is supported; see help unicode_advice.
      3. Maximum number of variables is set to 5,000 but can be increased;
          see help set_maxvar.

. do plot_stacked.do 

. /*
> 
> Purpose: Plot a product overlay of the income decile x temperature energy tem
> perature response 
> (Figure 1.A in the paper)
> 
> */
. 
. set scheme s1color

. 
. ****** Set Model Specification Locals ***************************************
> ***
. 
. local model = "$model"

. 
. ****** Set Plotting Toggles *************************************************
> ***
. 
. // plotting color and color name for title
. 
. * electricity 
. local electricity_col "dknavy"

. local electricity_colTT "Blue"

. 
. * other energy 
. local other_energy_col "dkorange"

. local other_energy_colTT "Orange"

.                         
. *****************************************************************************
> ***
. *Step 1: Load Data and Clean for Plotting
. *****************************************************************************
> ***
.                 
. use "$DATA/regression/GMFD_`model'_regsort.dta", clear
file /regression/GMFD__regsort.dta not found
r(601);

end of do-file
r(601);
