
  ___  ____  ____  ____  ____ ®
 /__    /   ____/   /   ____/      18.0
___/   /   /___/   /   /___/       SE—Standard Edition

 Statistics and Data Science       Copyright 1985-2023 StataCorp LLC
                                   StataCorp
                                   4905 Lakeway Drive
                                   College Station, Texas 77845 USA
                                   800-STATA-PC        https://www.stata.com
                                   979-696-4600        stata@stata.com

Stata license: Unlimited-user network, expiring 16 Aug 2026
Serial number: 401909309297
  Licensed to: andrezconz
               Universidad de los Andes

Notes:
      1. Stata is running in batch mode.
      2. Unicode is supported; see help unicode_advice.
      3. Maximum number of variables is set to 5,000 but can be increased;
          see help set_maxvar.

. do 2_plot_damage_function_fig_3.do 

. /*
> 
> Purpose: Figure 3 plotting, for energy sector total end of century damages 
> 
> */
. 
. clear all

. set more off

. set scheme s1color

. 
. 
. global REPO: env REPO

. global DATA: env DATA 

. global OUTPUT: env OUTPUT 

. 
. global LOG: env LOG

. log using $LOG/3_post_projection/2_damage_function_estimation/2_plot_damage_f
> unction_fig_3.log, replace
-------------------------------------------------------------------------------
      name:  <unnamed>
       log:  /Users/andrezconz/energy-data/LOG/3_post_projection/2_damage_funct
> ion_estimation/2_plot_damage_function_fig_3.log
  log type:  text
 opened on:  15 Mar 2026, 23:47:06

. 
. 
. glob dir "$OUTPUT/projection_system_outputs/damage_function_estimation/resamp
> led_data"

. 
. glob root "${REPO}/energy-code-release-2020"

. glob output "$OUTPUT/figures/"

. 
. 
. //Load in GMTanom data file, save as a tempfile 
. insheet using "/Users/andrezconz/energy-data/DATA/energy_data_release_2021oct
> 21/DATA/intermediate_data/ce_damage_timeseries.csv", comma names clear
(9 vars, 162 obs)

. drop if temp == .
temp not found
r(111);

end of do-file
r(111);
