
  ___  ____  ____  ____  ____ ®
 /__    /   ____/   /   ____/      18.0
___/   /   /___/   /   /___/       SE—Standard Edition

 Statistics and Data Science       Copyright 1985-2023 StataCorp LLC
                                   StataCorp
                                   4905 Lakeway Drive
                                   College Station, Texas 77845 USA
                                   800-STATA-PC        https://www.stata.com
                                   979-696-4600        stata@stata.com

Stata license: Unlimited-user network, expiring 16 Aug 2026
Serial number: 401909309297
  Licensed to: andrezconz
               Universidad de los Andes

Notes:
      1. Stata is running in batch mode.
      2. Unicode is supported; see help unicode_advice.
      3. Maximum number of variables is set to 5,000 but can be increased;
          see help set_maxvar.

. do 3_run_damage_functions.do 

. *****************************************
. * DAMAGE FUNCTION ESTIMATION FOR SCC 
. * CALCULATION INCLUDING POST-2100 EXTRAPOLATION
. *****************************************
. * import delimited "$OUTPUT/projections/...", clear (Esta era la vieja)
. import delimited "/Users/andrezconz/energy-data/DATA/energy_data_release_2021
> oct21/DATA/intermediate_data/ce_damage_timeseries.csv", clear
(encoding automatically selected: ISO-8859-1)
(9 vars, 162 obs)

. 
. 
. /* 
> This script does the following:
>         * 1) Pulls in a .csv containing damages at global or impact region le
> vel. The .csv 
>                         should be SSP-specific, and contain damages in curren
> t year USD for every
>                         RCP-GCM-IAM-year combination. 
>         * 2) Runs a regression in which the damage function is nonparametrica
> lly estimated for each year 't'
>                         using data only from the 5 years around 't'
>         * 3) Runs a second regression in which GMST is interacted linearly wi
> th time. 
>         * 4) Predicts damage function coefficients for all years 2015-2300, w
> ith post-2100 extrapolation 
>                         conducted using the linear temporal interaction model
>  and pre-2100 using the nonparametric model
>         * 5) Saves a csv of damage function coefficients to be used by the SC
> C calculation derived from the FAIR 
>                         simple climate model
> */
. *****************************************************************************
> *****
. * SET UP -- Change paths and input choices to fit desired output
. *****************************************************************************
> *****
. 
. clear all

. set more off

. set scheme s1color

. 
. global REPO: env REPO

. global DATA: env DATA 

. global OUTPUT: env OUTPUT 

. 
. global LOG: env LOG

. log using $LOG/3_post_projection/2_damage_function_estimation/3_run_damage_fu
> nctions.log, replace
-------------------------------------------------------------------------------
      name:  <unnamed>
       log:  /Users/andrezconz/energy-data/LOG/3_post_projection/2_damage_funct
> ion_estimation/3_run_damage_functions.log
  log type:  text
 opened on:  15 Mar 2026, 23:49:05

. 
. 
. glob dir "$OUTPUT/projection_system_outputs/damage_function_estimation/"

. 
. glob root "${REPO}/energy-code-release-2020"

. glob output "$OUTPUT/figures/"

. 
. 
. * SSP toggle - options are "SSP2", "SSP3", or "SSP4"
. loc ssp = "SSP5" 

. 
. * Model toggle  - options are "main", "lininter", "lininter_double", or "lini
> nter_half","mixed"
. loc model = "main"

. 
. * What year do we use data from for determining DF estimates used for the out
>  of sample extrapolation
. loc subset = 2085

. 
. 
. 
. ******************************************
. * Set locals based on options 
. * We run only the price014 scenario, except for SSP3 main model
. 
. if("`model'" == "main") {
.         
.         loc model_tag = ""
. 
.         if ("`ssp'" == "SSP3") {
.                 loc pricelist price014 price0 price03 WITCHGLOBIOM42 MERGEETL
> 60 REMINDMAgPIE1730 REMIND17CEMICS REMIND17
.         }
.         else {
.                 loc pricelist price014 
.         }
. } 

. else if (inlist("`model'", "lininter", "lininter_double", "lininter_half", "m
> ixed")){
.         loc model_tag = "_`model'"
.         assert("`ssp'" == "SSP3")
.         loc pricelist price014 
. }

. 
. 
. *import delim "$dir/impact_values/gcm_damages_OTHERIND_total_energy_price014_
> SSP3.csv", clear
. 
. *****************************************************************************
> *****
. * STEP 1: Pull in and format each price scenarios csv
. *****************************************************************************
> *****
. foreach price in `pricelist' {
  2.         di "`price'"
  3.         import delim "$dir/impact_values/gcm_damages_OTHERIND_total_energy
> _`price'_`ssp'`model_tag'.csv", clear
  4.         keep rcp year gcm iam mean
  5.         ren mean `price'
  6.         tempfile `price'
  7.         save ``price'', replace 
  8. }
price014
file
/Users/andrezconz/energy-data/OUTPUT/projection_system_outputs/damage_function_
> estimation//impact_values/gcm_damages_OTHERIND_total_energy_price014_SSP5.csv
not found
r(601);

end of do-file
r(601);
