
  ___  ____  ____  ____  ____ ®
 /__    /   ____/   /   ____/      18.0
___/   /   /___/   /   /___/       SE—Standard Edition

 Statistics and Data Science       Copyright 1985-2023 StataCorp LLC
                                   StataCorp
                                   4905 Lakeway Drive
                                   College Station, Texas 77845 USA
                                   800-STATA-PC        https://www.stata.com
                                   979-696-4600        stata@stata.com

Stata license: Unlimited-user network, expiring 16 Aug 2026
Serial number: 401909309297
  Licensed to: andrezconz
               Universidad de los Andes

Notes:
      1. Stata is running in batch mode.
      2. Unicode is supported; see help unicode_advice.
      3. Maximum number of variables is set to 5,000 but can be increased;
          see help set_maxvar.

. do 5_plot_damage_function_over_time.do 

. /*
> 
> Purpose: Figure 3C plotting, to show evolution of total energy damage functio
> n over time
> 
> */
. 
. *****************************************************************************
> *****
. * 1 SET UP -- Change paths and input choices to fit desired output
. *****************************************************************************
> *****
. 
. clear all

. set more off

. set scheme s1color

. 
. global REPO: env REPO

. global DATA: env DATA 

. global OUTPUT: env OUTPUT 

. 
. global LOG: env LOG

. log using $LOG/3_post_projection/2_damage_function_estimation/5_plot_damage_f
> unction_over_time.log, replace
-------------------------------------------------------------------------------
      name:  <unnamed>
       log:  /Users/andrezconz/energy-data/LOG/3_post_projection/2_damage_funct
> ion_estimation/5_plot_damage_function_over_time.log
  log type:  text
 opened on:  15 Mar 2026, 23:47:06

. 
. 
. glob dir "$OUTPUT/projection_system_outputs/damage_function_estimation/"

. 
. glob root "${REPO}/energy-code-release-2020"

. glob output "$OUTPUT/figures/"

. 
. 
. * ***************************************************************************
> *******
. * 2 Feather plot for pre- and post-2100 damage functions
. * ***************************************************************************
> *******
. 
. * import and reformat the gmst anomaly data, used for defining the range of G
> MST we plot each damage funciton for 
. insheet using "$OUTPUT/projection_system_outputs/damage_function_estimation/G
> MTanom_all_temp_2001_2010_smooth.csv", comma names clear
file
    /Users/andrezconz/energy-data/OUTPUT/projection_system_outputs/damage_fun
    > ction_estimation/GMTanom_all_temp_2001_2010_smooth.csv not found
r(601);

end of do-file
r(601);
