
  ___  ____  ____  ____  ____ ®
 /__    /   ____/   /   ____/      18.0
___/   /   /___/   /   /___/       SE—Standard Edition

 Statistics and Data Science       Copyright 1985-2023 StataCorp LLC
                                   StataCorp
                                   4905 Lakeway Drive
                                   College Station, Texas 77845 USA
                                   800-STATA-PC        https://www.stata.com
                                   979-696-4600        stata@stata.com

Stata license: Unlimited-user network, expiring 16 Aug 2026
Serial number: 401909309297
  Licensed to: andrezconz
               Universidad de los Andes

Notes:
      1. Stata is running in batch mode.
      2. Unicode is supported; see help unicode_advice.
      3. Maximum number of variables is set to 5,000 but can be increased;
          see help set_maxvar.

. do 6_get_end_of_century_df_slopes_p_vals.do 

. 
. /*
> 
> Purpose: get the slope and p values (or confidence intervals) of damage funct
> ion at end of century
> 
> */
. 
. clear all

. set more off

. set scheme s1color

. 
. 
. 
. 
. global REPO: env REPO

. global DATA: env DATA 

. global OUTPUT: env OUTPUT 

. 
. global LOG: env LOG

. log using $LOG/3_post_projection/2_damage_function_estimation/plot_damage_fun
> ction_fig_3.log, replace
-------------------------------------------------------------------------------
      name:  <unnamed>
       log:  /Users/andrezconz/energy-data/LOG/3_post_projection/2_damage_funct
> ion_estimation/plot_damage_function_fig_3.log
  log type:  text
 opened on:  15 Mar 2026, 23:47:06

. 
. 
. glob dir "$OUTPUT/projection_system_outputs/damage_function_estimation/resamp
> led_data"

. glob root "${REPO}/energy-code-release-2020"

. glob output "$OUTPUT/figures/"

. 
. 
. * Load in GMTanom data file, save as a tempfile 
. insheet using "$OUTPUT/projection_system_outputs/damage_function_estimation/G
> MTanom_all_temp_2001_2010_smooth.csv", comma names clear
file
    /Users/andrezconz/energy-data/OUTPUT/projection_system_outputs/damage_fun
    > ction_estimation/GMTanom_all_temp_2001_2010_smooth.csv not found
r(601);

end of do-file
r(601);
